// Jest Snapshot v1, https://goo.gl/fbAQLP

exports[`<AppContent /> should match snapshot 1`] = `
<main
  className="container"
>
  <div
    className="inner"
  >
    <p>
      This is content area.
    </p>
  </div>
</main>
`;
