// Jest Snapshot v1, https://goo.gl/fbAQLP

exports[`<Loading /> should match snapshot 1`] = `
<div
  className="container"
>
  <div
    className="dot1"
  />
  <div
    className="dot2"
  />
  <div
    className="dot3"
  />
</div>
`;

exports[`<Loading /> should match snapshot 2`] = `"<div class=\\"container\\"><div class=\\"dot1\\"></div><div class=\\"dot2\\"></div><div class=\\"dot3\\"></div></div>"`;
