// Jest Snapshot v1, https://goo.gl/fbAQLP

exports[`<ErrorMessage /> should match snapshot 1`] = `
<div
  className="container"
>
  <span
    className="error"
  >
    Test message.
  </span>
</div>
`;

exports[`<ErrorMessage /> should match snapshot 2`] = `"<div class=\\"container\\"><span class=\\"error\\">Test message.</span></div>"`;
