// Jest Snapshot v1, https://goo.gl/fbAQLP

exports[`<AppMain /> should match snapshot 1`] = `
<main
  className="container"
/>
`;
