// Jest Snapshot v1, https://goo.gl/fbAQLP

exports[`<Button /> should match snapshot 1`] = `
<button
  className="button"
>
  <span
    className="text"
  >
    Test
  </span>
</button>
`;
