// Jest Snapshot v1, https://goo.gl/fbAQLP

exports[`<Container /> should match snapshot 1`] = `
<div
  className="container"
>
  <p>
    My test paragraph.
  </p>
</div>
`;
