// Jest Snapshot v1, https://goo.gl/fbAQLP

exports[`<DetailCardItem /> should match snapshot 1`] = `
<div
  className="itemContainer"
>
  <span
    className="itemTitle"
  >
    TestCardItemTitle
  </span>
  <span
    className="itemContent"
  >
    <a
      className="itemLink"
      href="http://example.com"
      target="_blank"
    >
      TestCardItemContent
      <MdOpenInNew />
    </a>
  </span>
</div>
`;

exports[`<DetailCardItem /> should match snapshot 2`] = `"<div class=\\"itemContainer\\"><span class=\\"itemTitle\\">TestCardItemTitle</span><span class=\\"itemContent\\"><a class=\\"itemLink\\" href=\\"http://example.com\\" target=\\"_blank\\">TestCardItemContent<svg stroke=\\"currentColor\\" fill=\\"currentColor\\" stroke-width=\\"0\\" viewBox=\\"0 0 24 24\\" height=\\"1em\\" width=\\"1em\\"><path d=\\"M19 19H5V5h7V3H5c-1.11 0-2 .9-2 2v14c0 1.1.89 2 2 2h14c1.1 0 2-.9 2-2v-7h-2v7zM14 3v2h3.59l-9.83 9.83 1.41 1.41L19 6.41V10h2V3h-7z\\"></path></svg></a></span></div>"`;
