// Jest Snapshot v1, https://goo.gl/fbAQLP

exports[`<SidebarItem /> should match snapshot 1`] = `"<a class=\\"item\\" href=\\"/add-bit\\"><span class=\\"itemIcon\\"><svg stroke=\\"currentColor\\" fill=\\"currentColor\\" stroke-width=\\"0\\" viewBox=\\"0 0 24 24\\" height=\\"1em\\" width=\\"1em\\"><path d=\\"M19 13h-6v6h-2v-6H5v-2h6V5h2v6h6v2z\\"></path></svg></span><span class=\\"itemTitle\\">Add</span></a>"`;
