// Jest Snapshot v1, https://goo.gl/fbAQLP

exports[`<Wrapper /> should match snapshot 1`] = `
<div
  className="wrapper"
/>
`;

exports[`<Wrapper /> should match snapshot 2`] = `"<div class=\\"wrapper\\"></div>"`;
